
Python 3.6.8 (tags/v3.6.8:3c6b436a57, Dec 24 2018, 00:16:47) [MSC v.1916 64 bit (AMD64)] on win32
Type "help", "copyright", "credits" or "license()" for more information.
>>> 60413*76753
4636878989
>>> 5051846941//54269
93089
>>> (66347-1)*(12611-1)
836623060
>>> 6357294171489311547190987615544575133581967886499484091352661406414044440475205342882841236357665973431462491355089413710392273380203038793241564304774271529108729717**3 % 29129463609326322559521123136222078780585451208149138547799121083622333250646678767769126248182207478527881025116332742616201890576280859777513414460842754045651093593251726785499360828237897586278068419875517543013545369871704159718105354690802726645710699029936754265654381929650494383622583174075805797766685192325859982797796060391271817578087472948205626257717479858369754502615173773514087437504532994142632207906501079835037052797306690891600559321673928943158514646572885986881016569647357891598545880304236145548059520898133142087545369179876065657214225826997676844000054327141666320553082128424707948750331
256931246631782714357241556582441991993437399854161372646318659020994329843524306570818293602492485385337029697819837182169818816821461486018802894936801257629375428544752970630870631166355711254848465862207765051226282541748174535990314552471546936536330397892907207943448897073772015986097770443616540466471245438117157152783246654401668267323136450122287983612851171545784168132230208726238881861407976917850248110805724300421712827401063963117423718797887144760360749619552577176382615108244813
>>> (92092076805892533739724722602668675840671093008520241548191914215399824020372076186460768206814914423802230398410980218741906960527104568970225804374404612617736579286959865287226538692911376507934256844456333236362669879347073756238894784951597211105734179388300051579994253565459304743059533646753003894559*97846775312392801037224396977012615848433199640105786119757047098757998273009741128821931277074555731813289423891389911801250326299324018557072727051765547115514791337578758859803890173153277252326496062476389498019821358465433398338364421624871010292162533041884897182597065662521825095949253625730631876637-1)/65537
Traceback (most recent call last):
  File "<pyshell#4>", line 1, in <module>
    (92092076805892533739724722602668675840671093008520241548191914215399824020372076186460768206814914423802230398410980218741906960527104568970225804374404612617736579286959865287226538692911376507934256844456333236362669879347073756238894784951597211105734179388300051579994253565459304743059533646753003894559*97846775312392801037224396977012615848433199640105786119757047098757998273009741128821931277074555731813289423891389911801250326299324018557072727051765547115514791337578758859803890173153277252326496062476389498019821358465433398338364421624871010292162533041884897182597065662521825095949253625730631876637-1)/65537
OverflowError: integer division result too large for a float
>>> (92092076805892533739724722602668675840671093008520241548191914215399824020372076186460768206814914423802230398410980218741906960527104568970225804374404612617736579286959865287226538692911376507934256844456333236362669879347073756238894784951597211105734179388300051579994253565459304743059533646753003894559*97846775312392801037224396977012615848433199640105786119757047098757998273009741128821931277074555731813289423891389911801250326299324018557072727051765547115514791337578758859803890173153277252326496062476389498019821358465433398338364421624871010292162533041884897182597065662521825095949253625730631876637-1)//65537
137493518886701973690262408102910219505569665937392180739023884839200272087657972446028564260130430618065930082799274506587888933026787566364864695336677144855726669910860040032559948189635178713310245273525591710368332495072470762643923355461938105895111034688007386165566487248499990749037535452223599544151662645318052698755121991837173955856701466025597172722387500642571407164252653819116786597635107757358142474520258308034491111279512776705802728429900687337466402121213446206795906074130168658944437040352818796728864361913410737435308789924905353269287564001352680393373915256057505744776843668059444947
>>> 65537**(-1)^((92092076805892533739724722602668675840671093008520241548191914215399824020372076186460768206814914423802230398410980218741906960527104568970225804374404612617736579286959865287226538692911376507934256844456333236362669879347073756238894784951597211105734179388300051579994253565459304743059533646753003894559-1)*(97846775312392801037224396977012615848433199640105786119757047098757998273009741128821931277074555731813289423891389911801250326299324018557072727051765547115514791337578758859803890173153277252326496062476389498019821358465433398338364421624871010292162533041884897182597065662521825095949253625730631876637-1))
Traceback (most recent call last):
  File "<pyshell#6>", line 1, in <module>
    65537**(-1)^((92092076805892533739724722602668675840671093008520241548191914215399824020372076186460768206814914423802230398410980218741906960527104568970225804374404612617736579286959865287226538692911376507934256844456333236362669879347073756238894784951597211105734179388300051579994253565459304743059533646753003894559-1)*(97846775312392801037224396977012615848433199640105786119757047098757998273009741128821931277074555731813289423891389911801250326299324018557072727051765547115514791337578758859803890173153277252326496062476389498019821358465433398338364421624871010292162533041884897182597065662521825095949253625730631876637-1))
TypeError: unsupported operand type(s) for ^: 'float' and 'int'
>>> 65537**(-1)%((92092076805892533739724722602668675840671093008520241548191914215399824020372076186460768206814914423802230398410980218741906960527104568970225804374404612617736579286959865287226538692911376507934256844456333236362669879347073756238894784951597211105734179388300051579994253565459304743059533646753003894559-1)*(97846775312392801037224396977012615848433199640105786119757047098757998273009741128821931277074555731813289423891389911801250326299324018557072727051765547115514791337578758859803890173153277252326496062476389498019821358465433398338364421624871010292162533041884897182597065662521825095949253625730631876637-1))
Traceback (most recent call last):
  File "<pyshell#7>", line 1, in <module>
    65537**(-1)%((92092076805892533739724722602668675840671093008520241548191914215399824020372076186460768206814914423802230398410980218741906960527104568970225804374404612617736579286959865287226538692911376507934256844456333236362669879347073756238894784951597211105734179388300051579994253565459304743059533646753003894559-1)*(97846775312392801037224396977012615848433199640105786119757047098757998273009741128821931277074555731813289423891389911801250326299324018557072727051765547115514791337578758859803890173153277252326496062476389498019821358465433398338364421624871010292162533041884897182597065662521825095949253625730631876637-1))
OverflowError: int too large to convert to float
>>> 1//65537%((92092076805892533739724722602668675840671093008520241548191914215399824020372076186460768206814914423802230398410980218741906960527104568970225804374404612617736579286959865287226538692911376507934256844456333236362669879347073756238894784951597211105734179388300051579994253565459304743059533646753003894559-1)*(97846775312392801037224396977012615848433199640105786119757047098757998273009741128821931277074555731813289423891389911801250326299324018557072727051765547115514791337578758859803890173153277252326496062476389498019821358465433398338364421624871010292162533041884897182597065662521825095949253625730631876637-1))
0
>>> ((92092076805892533739724722602668675840671093008520241548191914215399824020372076186460768206814914423802230398410980218741906960527104568970225804374404612617736579286959865287226538692911376507934256844456333236362669879347073756238894784951597211105734179388300051579994253565459304743059533646753003894559-1)*(97846775312392801037224396977012615848433199640105786119757047098757998273009741128821931277074555731813289423891389911801250326299324018557072727051765547115514791337578758859803890173153277252326496062476389498019821358465433398338364421624871010292162533041884897182597065662521825095949253625730631876637-1))
9010912747277787249738727439840427055736519196538871349093408340706668231808840540195374015916168031416186859836416053338250477003776576736854137538279810042409758765948034443613881324504120707334213544491046703922409406729564516371394804946909037646047891880347940067132730874804943893719672960932378043324877575934090934383537480859453188253291539686270935881039160668298044489030244356028174143765322586938365063530331798603113286673099000259440894881684231186302284225193426999907752867514204209640980817406669962746837092448906692344720572958732053915811402369526465666177954964908259624156431216201128207746888
>>> 9010912747277787249738727439840427055736519196538871349093408340706668231808840540195374015916168031416186859836416053338250477003776576736854137538279810042409758765948034443613881324504120707334213544491046703922409406729564516371394804946909037646047891880347940067132730874804943893719672960932378043324877575934090934383537480859453188253291539686270935881039160668298044489030244356028174143765322586938365063530331798603113286673099000259440894881684231186302284225193426999907752867514204209640980817406669962746837092448906692344720572958732053915811402369526465666177954964908259624156431216201128207746888*65537
590548188718344342986126980224822067951804258583568011605534702424892915908055982482784226881097904274922638233099198887628921511396505509603209611846243910749408360243936333331122940364026558796562353065309727834962945288835469709432101331805577600209040690162362948179677783342091607962706206840625259825382501693992517566693895883085983598555967636419138324835663472718248941677575124361018448859947946380179631168587355085052235468694889180002977927860939459256692801266501625292954399678278401287240959830380929348539462527823997896195952189996422617480531877091655980364304634535192610988340032616173339351107798856
>>> 590548188718344342986126980224822067951804258583568011605534702424892915908055982482784226881097904274922638233099198887628921511396505509603209611846243910749408360243936333331122940364026558796562353065309727834962945288835469709432101331805577600209040690162362948179677783342091607962706206840625259825382501693992517566693895883085983598555967636419138324835663472718248941677575124361018448859947946380179631168587355085052235468694889180002977927860939459256692801266501625292954399678278401287240959830380929348539462527823997896195952189996422617480531877091655980364304634535192610988340032616173339351107798856+1
590548188718344342986126980224822067951804258583568011605534702424892915908055982482784226881097904274922638233099198887628921511396505509603209611846243910749408360243936333331122940364026558796562353065309727834962945288835469709432101331805577600209040690162362948179677783342091607962706206840625259825382501693992517566693895883085983598555967636419138324835663472718248941677575124361018448859947946380179631168587355085052235468694889180002977927860939459256692801266501625292954399678278401287240959830380929348539462527823997896195952189996422617480531877091655980364304634535192610988340032616173339351107798857